Archive member included to satisfy reference by file (symbol)

thirdparty/nugget/psyq/lib\libc.a(c63.o)
                              source/ps1/filesystem.o (printf)
thirdparty/nugget/psyq/lib\libetc.a(intr.o)
                              source/ps1/graphics.o (VSyncCallback)
thirdparty/nugget/psyq/lib\libetc.a(intr_dma.o)
                              thirdparty/nugget/psyq/lib\libetc.a(intr.o) (startIntrDMA)
thirdparty/nugget/psyq/lib\libetc.a(intr_vb.o)
                              thirdparty/nugget/psyq/lib\libetc.a(intr.o) (startIntrVSync)
thirdparty/nugget/psyq/lib\libetc.a(pad.o)
                              source/ps1/pads.o (PadRead)
thirdparty/nugget/psyq/lib\libetc.a(vmode.o)
                              source/ps1/graphics.o (SetVideoMode)
thirdparty/nugget/psyq/lib\libetc.a(vsync.o)
                              source/ps1/graphics.o (VSync)
thirdparty/nugget/psyq/lib\libgpu.a(font.o)
                              source/ps1/graphics.o (FntFlush)
thirdparty/nugget/psyq/lib\libgpu.a(p00.o)
                              source/ps1/graphics.o (GetTPage)
thirdparty/nugget/psyq/lib\libgpu.a(p06.o)
                              thirdparty/nugget/psyq/lib\libgpu.a(font.o) (AddPrim)
thirdparty/nugget/psyq/lib\libgpu.a(p09.o)
                              thirdparty/nugget/psyq/lib\libgpu.a(font.o) (TermPrim)
thirdparty/nugget/psyq/lib\libgpu.a(p10.o)
                              thirdparty/nugget/psyq/lib\libgpu.a(font.o) (SetSemiTrans)
thirdparty/nugget/psyq/lib\libgpu.a(p20.o)
                              thirdparty/nugget/psyq/lib\libgpu.a(font.o) (SetSprt8)
thirdparty/nugget/psyq/lib\libgpu.a(p26.o)
                              thirdparty/nugget/psyq/lib\libgpu.a(font.o) (SetTile)
thirdparty/nugget/psyq/lib\libgpu.a(p41.o)
                              thirdparty/nugget/psyq/lib\libgpu.a(font.o) (SetDrawMode)
thirdparty/nugget/psyq/lib\libgpu.a(sys.o)
                              source/ps1/graphics.o (LoadImage)
thirdparty/nugget/psyq/lib\libgpu.a(e00.o)
                              thirdparty/nugget/psyq/lib\libgpu.a(font.o) (LoadTPage)
thirdparty/nugget/psyq/lib\libgpu.a(e02.o)
                              thirdparty/nugget/psyq/lib\libgpu.a(font.o) (LoadClut2)
thirdparty/nugget/psyq/lib\libgpu.a(p01.o)
                              thirdparty/nugget/psyq/lib\libgpu.a(e02.o) (GetClut)
thirdparty/nugget/psyq/lib\libgs.a(2d_box0.o)
                              source/ps1/gui.o (GsSortBoxFill)
thirdparty/nugget/psyq/lib\libgs.a(2d_com1.o)
                              thirdparty/nugget/psyq/lib\libgs.a(2d_box0.o) (_make_packet)
thirdparty/nugget/psyq/lib\libgs.a(global.o)
                              thirdparty/nugget/psyq/lib\libgs.a(2d_box0.o) (GsOUT_PACKET_P)
thirdparty/nugget/psyq/lib\libgs.a(gs_001.o)
                              thirdparty/nugget/psyq/lib\libgs.a(2d_box0.o) (GsORGOFSY)
thirdparty/nugget/psyq/lib\libgs.a(gs_0021.o)
                              source/ps1/graphics.o (GsGetActiveBuff)
thirdparty/nugget/psyq/lib\libgs.a(gs_0022.o)
                              thirdparty/nugget/psyq/lib\libgs.a(gs_001.o) (GsSetDrawBuffOffset)
thirdparty/nugget/psyq/lib\libgs.a(gs_003.o)
                              thirdparty/nugget/psyq/lib\libgs.a(gs_001.o) (GsSetDrawBuffClip)
thirdparty/nugget/psyq/lib\libgs.a(gs_010.o)
                              source/ps1/graphics.o (GsSwapDispBuff)
thirdparty/nugget/psyq/lib\libgs.a(gs_103.o)
                              source/ps1/graphics.o (GsDefDispBuff)
thirdparty/nugget/psyq/lib\libgs.a(gs_104.o)
                              thirdparty/nugget/psyq/lib\libgs.a(gs_001.o) (HWD0)
thirdparty/nugget/psyq/lib\libgs.a(gs_107.o)
                              thirdparty/nugget/psyq/lib\libgs.a(gs_001.o) (GsLIGHTWSMATRIX)
thirdparty/nugget/psyq/lib\libgs.a(gs_111.o)
                              source/ps1/graphics.o (GsDrawOt)
thirdparty/nugget/psyq/lib\libgs.a(gs_113.o)
                              source/ps1/graphics.o (GsClearOt)
thirdparty/nugget/psyq/lib\libgs.a(gs_121.o)
                              thirdparty/nugget/psyq/lib\libgs.a(gs_001.o) (gte_init)
thirdparty/nugget/psyq/lib\libgs.a(gs_124.o)
                              source/ps1/graphics.o (GsSetWorkBase)
thirdparty/nugget/psyq/lib\libgs.a(gs_128.o)
                              thirdparty/nugget/psyq/lib\libgs.a(gs_001.o) (GsIDMATRIX)
thirdparty/nugget/psyq/lib\libgte.a(msc00.o)
                              thirdparty/nugget/psyq/lib\libgs.a(gs_121.o) (InitGeom)
thirdparty/nugget/psyq/lib\libgte.a(msc01.o)
                              thirdparty/nugget/psyq/lib\libgs.a(gs_107.o) (SquareRoot0)
thirdparty/nugget/psyq/lib\libgte.a(mtx_11.o)
                              thirdparty/nugget/psyq/lib\libgs.a(gs_107.o) (SetColorMatrix)
thirdparty/nugget/psyq/lib\libgte.a(patchgte.o)
                              thirdparty/nugget/psyq/lib\libgte.a(msc00.o) (_patch_gte)
thirdparty/nugget/psyq/lib\libgte.a(reg11.o)
                              thirdparty/nugget/psyq/lib\libgs.a(gs_121.o) (SetFarColor)
thirdparty/nugget/psyq/lib\libgte.a(reg12.o)
                              thirdparty/nugget/psyq/lib\libgs.a(gs_0022.o) (SetGeomOffset)
thirdparty/nugget/psyq/lib\libgte.a(sqrtbl.o)
                              thirdparty/nugget/psyq/lib\libgte.a(msc01.o) (SQRT)
thirdparty/nugget/psyq/lib\libapi.a(a22.o)
                              thirdparty/nugget/psyq/lib\libetc.a(pad.o) (PAD_dr)
thirdparty/nugget/psyq/lib\libapi.a(a23.o)
                              thirdparty/nugget/psyq/lib\libetc.a(intr.o) (ReturnFromException)
thirdparty/nugget/psyq/lib\libapi.a(a24.o)
                              thirdparty/nugget/psyq/lib\libetc.a(intr.o) (ResetEntryInt)
thirdparty/nugget/psyq/lib\libapi.a(a25.o)
                              thirdparty/nugget/psyq/lib\libetc.a(intr.o) (HookEntryInt)
thirdparty/nugget/psyq/lib\libapi.a(a36.o)
                              thirdparty/nugget/psyq/lib\libetc.a(intr.o) (EnterCriticalSection)
thirdparty/nugget/psyq/lib\libapi.a(a37.o)
                              thirdparty/nugget/psyq/lib\libetc.a(intr.o) (ExitCriticalSection)
thirdparty/nugget/psyq/lib\libapi.a(a91.o)
                              thirdparty/nugget/psyq/lib\libetc.a(intr.o) (ChangeClearPAD)
thirdparty/nugget/psyq/lib\libapi.a(c114.o)
                              thirdparty/nugget/psyq/lib\libetc.a(intr.o) (_96_remove)
thirdparty/nugget/psyq/lib\libapi.a(c68.o)
                              thirdparty/nugget/psyq/lib\libgte.a(patchgte.o) (FlushCache)
thirdparty/nugget/psyq/lib\libapi.a(c73.o)
                              thirdparty/nugget/psyq/lib\libgpu.a(sys.o) (GPU_cw)
thirdparty/nugget/psyq/lib\libapi.a(l10.o)
                              thirdparty/nugget/psyq/lib\libetc.a(intr.o) (ChangeClearRCnt)
thirdparty/nugget/psyq/lib\libapi.a(pad.o)
                              thirdparty/nugget/psyq/lib\libetc.a(pad.o) (PAD_init)
thirdparty/nugget/psyq/lib\libapi.a(patch.o)
                              thirdparty/nugget/psyq/lib\libapi.a(pad.o) (_patch_pad)
thirdparty/nugget/psyq/lib\libapi.a(a18.o)
                              thirdparty/nugget/psyq/lib\libapi.a(pad.o) (InitPAD2)
thirdparty/nugget/psyq/lib\libapi.a(a19.o)
                              thirdparty/nugget/psyq/lib\libapi.a(pad.o) (StartPAD2)
thirdparty/nugget/psyq/lib\libapi.a(a21.o)
                              thirdparty/nugget/psyq/lib\libapi.a(pad.o) (PAD_init2)
thirdparty/nugget/psyq/lib\libapi.a(chclrpad.o)
                              thirdparty/nugget/psyq/lib\libapi.a(pad.o) (_remove_ChgclrPAD)
thirdparty/nugget/psyq/lib\libapi.a(l02.o)
                              thirdparty/nugget/psyq/lib\libapi.a(pad.o) (SysEnqIntRP)
thirdparty/nugget/psyq/lib\libapi.a(l03.o)
                              thirdparty/nugget/psyq/lib\libapi.a(pad.o) (SysDeqIntRP)
thirdparty/nugget/psyq/lib\libc.a(a63.o)
                              thirdparty/nugget/psyq/lib\libetc.a(vsync.o) (puts)
thirdparty/nugget/psyq/lib\libc.a(c19.o)
                              thirdparty/nugget/psyq/lib\libetc.a(intr.o) (setjmp)
thirdparty/nugget/psyq/lib\libc.a(c27.o)
                              thirdparty/nugget/psyq/lib\libgpu.a(font.o) (strlen)
thirdparty/nugget/psyq/lib\libc.a(c42.o)
                              thirdparty/nugget/psyq/lib\libgpu.a(sys.o) (memcpy)
thirdparty/nugget/psyq/lib\libc.a(c43.o)
                              thirdparty/nugget/psyq/lib\libgpu.a(font.o) (memset)

Discarded input sections

 .text          0x0000000000000000        0x0 source/ps1/main.o
 .data          0x0000000000000000        0x0 source/ps1/main.o
 .bss           0x0000000000000000        0x0 source/ps1/main.o
 .MIPS.abiflags
                0x0000000000000000       0x18 source/ps1/main.o
 .pdr           0x0000000000000000       0x20 source/ps1/main.o
 .text          0x0000000000000000        0x0 source/ps1/filesystem.o
 .data          0x0000000000000000        0x0 source/ps1/filesystem.o
 .bss           0x0000000000000000        0x0 source/ps1/filesystem.o
 .reginfo       0x0000000000000000       0x18 source/ps1/filesystem.o
 .MIPS.abiflags
                0x0000000000000000       0x18 source/ps1/filesystem.o
 .pdr           0x0000000000000000       0x80 source/ps1/filesystem.o
 .mdebug.abi32  0x0000000000000000        0x0 source/ps1/filesystem.o
 .text.PClseek.constprop.0
                0x0000000000000000       0x24 source/ps1/filesystem.o
 .rodata.str1.4
                0x0000000000000000       0xfc source/ps1/filesystem.o
 .text.GetFileLength
                0x0000000000000000       0xfc source/ps1/filesystem.o
 .text.InitFilesystem
                0x0000000000000000       0x30 source/ps1/filesystem.o
 .text.LoadFile
                0x0000000000000000      0x138 source/ps1/filesystem.o
 .sbss          0x0000000000000000        0x1 source/ps1/filesystem.o
 .debug_info    0x0000000000000000      0x8ce source/ps1/filesystem.o
 .debug_abbrev  0x0000000000000000      0x206 source/ps1/filesystem.o
 .debug_loc     0x0000000000000000      0x453 source/ps1/filesystem.o
 .debug_aranges
                0x0000000000000000       0x38 source/ps1/filesystem.o
 .debug_ranges  0x0000000000000000       0xc8 source/ps1/filesystem.o
 .debug_line    0x0000000000000000      0x341 source/ps1/filesystem.o
 .debug_str     0x0000000000000000      0x2a4 source/ps1/filesystem.o
 .comment       0x0000000000000000       0x13 source/ps1/filesystem.o
 .debug_frame   0x0000000000000000       0x94 source/ps1/filesystem.o
 .gnu.attributes
                0x0000000000000000       0x10 source/ps1/filesystem.o
 .text          0x0000000000000000        0x0 source/ps1/graphics.o
 .data          0x0000000000000000        0x0 source/ps1/graphics.o
 .reginfo       0x0000000000000000       0x18 source/ps1/graphics.o
 .MIPS.abiflags
                0x0000000000000000       0x18 source/ps1/graphics.o
 .pdr           0x0000000000000000       0x80 source/ps1/graphics.o
 .text.InitSprite
                0x0000000000000000      0x170 source/ps1/graphics.o
 .text          0x0000000000000000        0x0 source/ps1/gui.o
 .data          0x0000000000000000        0x0 source/ps1/gui.o
 .bss           0x0000000000000000       0x40 source/ps1/gui.o
 .reginfo       0x0000000000000000       0x18 source/ps1/gui.o
 .MIPS.abiflags
                0x0000000000000000       0x18 source/ps1/gui.o
 .pdr           0x0000000000000000       0x20 source/ps1/gui.o
 .sbss          0x0000000000000000        0x8 source/ps1/gui.o
 .text          0x0000000000000000        0x0 source/ps1/pads.o
 .data          0x0000000000000000        0x0 source/ps1/pads.o
 .bss           0x0000000000000000        0x0 source/ps1/pads.o
 .reginfo       0x0000000000000000       0x18 source/ps1/pads.o
 .MIPS.abiflags
                0x0000000000000000       0x18 source/ps1/pads.o
 .pdr           0x0000000000000000       0x60 source/ps1/pads.o
 .text          0x0000000000000000        0x0 source/ps1/includedfileslist.o
 .data          0x0000000000000000        0x0 source/ps1/includedfileslist.o
 .bss           0x0000000000000000        0x0 source/ps1/includedfileslist.o
 .reginfo       0x0000000000000000       0x18 source/ps1/includedfileslist.o
 .MIPS.abiflags
                0x0000000000000000       0x18 source/ps1/includedfileslist.o
 .pdr           0x0000000000000000        0x0 source/ps1/includedfileslist.o
 .text.wrapper  0x0000000000000000        0x0 source/ps1/includedfileslist.o
 .gnu.attributes
                0x0000000000000000       0x10 source/ps1/includedfileslist.o
 .text          0x0000000000000000        0x0 thirdparty/nugget/common/crt0/crt0.o
 .data          0x0000000000000000        0x0 thirdparty/nugget/common/crt0/crt0.o
 .bss           0x0000000000000000        0x0 thirdparty/nugget/common/crt0/crt0.o
 .reginfo       0x0000000000000000       0x18 thirdparty/nugget/common/crt0/crt0.o
 .MIPS.abiflags
                0x0000000000000000       0x18 thirdparty/nugget/common/crt0/crt0.o
 .data          0x0000000000000000       0x10 thirdparty/nugget/psyq/lib\libgs.a(global.o)
 .data          0x0000000000000000       0x10 thirdparty/nugget/psyq/lib\libgs.a(gs_001.o)
 .text          0x0000000000000000       0x80 thirdparty/nugget/psyq/lib\libgs.a(gs_104.o)
 .text          0x0000000000000000      0x570 thirdparty/nugget/psyq/lib\libgs.a(gs_107.o)
 .text          0x0000000000000000       0x90 thirdparty/nugget/psyq/lib\libgte.a(msc01.o)
 .text          0x0000000000000000       0x30 thirdparty/nugget/psyq/lib\libgte.a(mtx_11.o)
 .data          0x0000000000000000      0x180 thirdparty/nugget/psyq/lib\libgte.a(sqrtbl.o)

Memory Configuration

Name             Origin             Length             Attributes
loader           0x000000008000f800 0x0000000000000800
ram              0x0000000080010000 0x00000000001f0000 xrw
dcache           0x000000001f800000 0x0000000000000400
*default*        0x0000000000000000 0xffffffffffffffff

Linker script and memory map

LOAD source/ps1/main.o
LOAD source/ps1/filesystem.o
LOAD source/ps1/graphics.o
LOAD source/ps1/gui.o
LOAD source/ps1/pads.o
LOAD source/ps1/includedfileslist.o
LOAD thirdparty/nugget/common/crt0/crt0.o
START GROUP
LOAD thirdparty/nugget/psyq/lib\libapi.a
LOAD thirdparty/nugget/psyq/lib\libc.a
LOAD thirdparty/nugget/psyq/lib\libc2.a
LOAD thirdparty/nugget/psyq/lib\libcard.a
LOAD thirdparty/nugget/psyq/lib\libcomb.a
LOAD thirdparty/nugget/psyq/lib\libds.a
LOAD thirdparty/nugget/psyq/lib\libetc.a
LOAD thirdparty/nugget/psyq/lib\libgpu.a
LOAD thirdparty/nugget/psyq/lib\libgs.a
LOAD thirdparty/nugget/psyq/lib\libgte.a
LOAD thirdparty/nugget/psyq/lib\libgpu.a
LOAD thirdparty/nugget/psyq/lib\libgun.a
LOAD thirdparty/nugget/psyq/lib\libhmd.a
LOAD thirdparty/nugget/psyq/lib\libmath.a
LOAD thirdparty/nugget/psyq/lib\libmcrd.a
LOAD thirdparty/nugget/psyq/lib\libmcx.a
LOAD thirdparty/nugget/psyq/lib\libpad.a
LOAD thirdparty/nugget/psyq/lib\libpress.a
LOAD thirdparty/nugget/psyq/lib\libsio.a
LOAD thirdparty/nugget/psyq/lib\libsnd.a
LOAD thirdparty/nugget/psyq/lib\libspu.a
LOAD thirdparty/nugget/psyq/lib\libtap.a
END GROUP
                0x0000000080020940                __heap_base = __bss_end
                0x0000000080010000                TLOAD_ADDR = DEFINED (TLOAD_ADDR)?TLOAD_ADDR:0x80010000
                0x0000000080200000                __ram_top = (ORIGIN (ram) + LENGTH (ram))
                0x00000000801fff00                __sp = (__ram_top - 0x100)
                0x000000001f800000                __dcache = ORIGIN (dcache)
                0x000000001f800400                __dcache_top = (ORIGIN (dcache) + LENGTH (dcache))
                0x0000000000008140                __bss_len = (__bss_end - __bss_start)
                0x00000000000060d0                __ftext_len = (__ftext_end - __ftext_start)
                0x0000000000002730                __fdata_len = (__fdata_end - __fdata_start)
                0x0000000080200000                __stack_start = (ORIGIN (ram) + LENGTH (ram))

.PSX_EXE_Header
                0x000000008000f800      0x800
                0x000000008000f800        0x1 BYTE 0x50
                0x000000008000f801        0x1 BYTE 0x53
                0x000000008000f802        0x1 BYTE 0x2d
                0x000000008000f803        0x1 BYTE 0x58
                0x000000008000f804        0x1 BYTE 0x20
                0x000000008000f805        0x1 BYTE 0x45
                0x000000008000f806        0x1 BYTE 0x58
                0x000000008000f807        0x1 BYTE 0x45
                0x000000008000f808        0x4 LONG 0x0
                0x000000008000f80c        0x4 LONG 0x0
                0x000000008000f810        0x4 LONG 0x80010000 ABSOLUTE (_start)
                0x000000008000f814        0x4 LONG 0x0
                0x000000008000f818        0x4 LONG 0x80010000 TLOAD_ADDR
                0x000000008000f81c        0x4 LONG 0x8800 (__ftext_len + __fdata_len)
                0x000000008000f820        0x4 LONG 0x0
                0x000000008000f824        0x4 LONG 0x0
                0x000000008000f828        0x4 LONG 0x0
                0x000000008000f82c        0x4 LONG 0x0
                0x000000008000f830        0x4 LONG 0x801fff00 DEFINED (_sp)?ABSOLUTE (_sp):0x801fff00
                0x000000008000f834        0x4 LONG 0x0
                0x0000000080010000                . = (. + 0x7c8)
 *fill*         0x000000008000f838      0x7c8 
                0x0000000080010000                __ftext_start = ABSOLUTE (.)

.text           0x0000000080010000     0x60d0
 *(.start)
 .start         0x0000000080010000       0x64 thirdparty/nugget/common/crt0/crt0.o
                0x0000000080010000                _start
 *(.init)
 *(SORT_NONE(.fini))
 *(.text.unlikely .text.*_unlikely .text.unlikely.*)
 *(.text.exit .text.exit.*)
 *(.text.startup .text.startup.*)
 .text.startup.main
                0x0000000080010064       0x50 source/ps1/main.o
                0x0000000080010064                main
 *(.text.hot .text.hot.*)
 *(.text .stub .text.* .gnu.linkonce.t.*)
 .text._VSyncCallback
                0x00000000800100b4       0x5c source/ps1/graphics.o
                0x00000000800100b4                _VSyncCallback
 .text.DisplayAll
                0x0000000080010110      0x118 source/ps1/graphics.o
                0x0000000080010110                DisplayAll
 .text.InitGraphics
                0x0000000080010228      0x14c source/ps1/graphics.o
                0x0000000080010228                InitGraphics
 .text.DrawWindow
                0x0000000080010374      0x13c source/ps1/gui.o
                0x0000000080010374                DrawWindow
 .text.HandleSystemPadEvents
                0x00000000800104b0       0x44 source/ps1/pads.o
                0x00000000800104b0                HandleSystemPadEvents
 .text.InitPads
                0x00000000800104f4       0x34 source/ps1/pads.o
                0x00000000800104f4                InitPads
 .text.UpdatePads
                0x0000000080010528       0x38 source/ps1/pads.o
                0x0000000080010528                UpdatePads
 .text          0x0000000080010560       0x10 thirdparty/nugget/psyq/lib\libc.a(c63.o)
                0x0000000080010560                printf
 .text          0x0000000080010570      0x6c0 thirdparty/nugget/psyq/lib\libetc.a(intr.o)
                0x0000000080010570                ResetCallback
                0x00000000800105a0                InterruptCallback
                0x00000000800105d0                DMACallback
                0x0000000080010600                VSyncCallback
                0x0000000080010634                VSyncCallbacks
                0x0000000080010664                StopCallback
                0x0000000080010694                RestartCallback
                0x00000000800106c4                CheckCallback
                0x00000000800106d4                GetIntrMask
                0x00000000800106ec                SetIntrMask
 .text          0x0000000080010c30      0x2a0 thirdparty/nugget/psyq/lib\libetc.a(intr_dma.o)
                0x0000000080010c30                startIntrDMA
 .text          0x0000000080010ed0      0x120 thirdparty/nugget/psyq/lib\libetc.a(intr_vb.o)
                0x0000000080010ed0                startIntrVSync
 .text          0x0000000080010ff0       0x80 thirdparty/nugget/psyq/lib\libetc.a(pad.o)
                0x0000000080010ff0                PadInit
                0x000000008001103c                PadRead
 .text          0x0000000080011070       0x30 thirdparty/nugget/psyq/lib\libetc.a(vmode.o)
                0x0000000080011070                SetVideoMode
                0x0000000080011084                GetVideoMode
 .text          0x00000000800110a0      0x210 thirdparty/nugget/psyq/lib\libetc.a(vsync.o)
                0x00000000800110a0                VSync
 .text          0x00000000800112b0      0xa80 thirdparty/nugget/psyq/lib\libgpu.a(font.o)
                0x00000000800112b0                SetDumpFnt
                0x00000000800112f0                FntLoad
                0x0000000080011390                FntOpen
                0x000000008001164c                FntFlush
                0x0000000080011968                FntPrint
 .text          0x0000000080011d30       0x40 thirdparty/nugget/psyq/lib\libgpu.a(p00.o)
                0x0000000080011d30                GetTPage
 .text          0x0000000080011d70       0x40 thirdparty/nugget/psyq/lib\libgpu.a(p06.o)
                0x0000000080011d70                AddPrim
 .text          0x0000000080011db0       0x20 thirdparty/nugget/psyq/lib\libgpu.a(p09.o)
                0x0000000080011db0                TermPrim
 .text          0x0000000080011dd0       0x30 thirdparty/nugget/psyq/lib\libgpu.a(p10.o)
                0x0000000080011dd0                SetSemiTrans
 .text          0x0000000080011e00       0x20 thirdparty/nugget/psyq/lib\libgpu.a(p20.o)
                0x0000000080011e00                SetSprt8
 .text          0x0000000080011e20       0x20 thirdparty/nugget/psyq/lib\libgpu.a(p26.o)
                0x0000000080011e20                SetTile
 .text          0x0000000080011e40       0xa0 thirdparty/nugget/psyq/lib\libgpu.a(p41.o)
                0x0000000080011e40                SetDrawMode
 .text          0x0000000080011ee0     0x2f00 thirdparty/nugget/psyq/lib\libgpu.a(sys.o)
                0x0000000080011ee0                ResetGraph
                0x0000000080012054                SetGraphDebug
                0x00000000800120b0                SetGraphQueue
                0x0000000080012154                GetGraphDebug
                0x0000000080012164                DrawSyncCallback
                0x00000000800121c4                SetDispMask
                0x000000008001225c                DrawSync
                0x00000000800123e0                ClearImage
                0x0000000080012470                ClearImage2
                0x0000000080012508                LoadImage
                0x0000000080012568                StoreImage
                0x00000000800125c8                MoveImage
                0x0000000080012680                ClearOTag
                0x0000000080012748                ClearOTagR
                0x00000000800127f4                DrawPrim
                0x0000000080012850                DrawOTag
                0x00000000800128c0                PutDrawEnv
                0x0000000080012980                DrawOTagEnv
                0x0000000080012a58                GetDrawEnv
                0x0000000080012a8c                PutDispEnv
                0x0000000080012f84                GetDispEnv
                0x0000000080012fb8                GetODE
                0x0000000080012fe8                SetDrawArea
                0x0000000080013068                SetDrawOffset
                0x00000000800130a8                SetDrawEnv
                0x0000000080014978                LoadImage2
                0x0000000080014a64                StoreImage2
                0x0000000080014b50                MoveImage2
                0x0000000080014c94                DrawOTag2
                0x0000000080014d90                _GPU_ResetCallback
 .text          0x0000000080014de0       0xf0 thirdparty/nugget/psyq/lib\libgpu.a(e00.o)
                0x0000000080014de0                LoadTPage
 .text          0x0000000080014ed0       0x70 thirdparty/nugget/psyq/lib\libgpu.a(e02.o)
                0x0000000080014ed0                LoadClut2
 .text          0x0000000080014f40       0x20 thirdparty/nugget/psyq/lib\libgpu.a(p01.o)
                0x0000000080014f40                GetClut
 .text          0x0000000080014f60       0xe0 thirdparty/nugget/psyq/lib\libgs.a(2d_box0.o)
                0x0000000080014f60                GsSortBoxFill
 .text          0x0000000080015040       0xa0 thirdparty/nugget/psyq/lib\libgs.a(2d_com1.o)
                0x0000000080015040                _make_packet
 .text          0x00000000800150e0      0x550 thirdparty/nugget/psyq/lib\libgs.a(gs_001.o)
                0x00000000800150e0                GsInitGraph
                0x0000000080015270                GsInitGraph2
                0x00000000800154f8                GsSortClear
 .text          0x0000000080015630       0x10 thirdparty/nugget/psyq/lib\libgs.a(gs_0021.o)
                0x0000000080015630                GsGetActiveBuff
 .text          0x0000000080015640      0x110 thirdparty/nugget/psyq/lib\libgs.a(gs_0022.o)
                0x0000000080015640                GsSetDrawBuffOffset
 .text          0x0000000080015750       0x80 thirdparty/nugget/psyq/lib\libgs.a(gs_003.o)
                0x0000000080015750                GsSetDrawBuffClip
 .text          0x00000000800157d0       0xb0 thirdparty/nugget/psyq/lib\libgs.a(gs_010.o)
                0x00000000800157d0                GsSwapDispBuff
 .text          0x0000000080015880       0xa0 thirdparty/nugget/psyq/lib\libgs.a(gs_103.o)
                0x0000000080015880                GsDefDispBuff
 .text          0x0000000080015920       0x30 thirdparty/nugget/psyq/lib\libgs.a(gs_111.o)
                0x0000000080015920                GsDrawOt
 .text          0x0000000080015950       0x60 thirdparty/nugget/psyq/lib\libgs.a(gs_113.o)
                0x0000000080015950                GsClearOt
 .text          0x00000000800159b0       0x50 thirdparty/nugget/psyq/lib\libgs.a(gs_121.o)
                0x00000000800159b0                gte_init
 .text          0x0000000080015a00       0x10 thirdparty/nugget/psyq/lib\libgs.a(gs_124.o)
                0x0000000080015a00                GsSetWorkBase
 .text          0x0000000080015a10       0x90 thirdparty/nugget/psyq/lib\libgte.a(msc00.o)
                0x0000000080015a18                InitGeom
 .text          0x0000000080015aa0       0xe0 thirdparty/nugget/psyq/lib\libgte.a(patchgte.o)
                0x0000000080015aa0                _patch_gte
 .text          0x0000000080015b80       0x20 thirdparty/nugget/psyq/lib\libgte.a(reg11.o)
                0x0000000080015b80                SetFarColor
 .text          0x0000000080015ba0       0x20 thirdparty/nugget/psyq/lib\libgte.a(reg12.o)
                0x0000000080015ba0                SetGeomOffset
 .text          0x0000000080015bc0       0x10 thirdparty/nugget/psyq/lib\libapi.a(a22.o)
                0x0000000080015bc0                PAD_dr
 .text          0x0000000080015bd0       0x10 thirdparty/nugget/psyq/lib\libapi.a(a23.o)
                0x0000000080015bd0                ReturnFromException
 .text          0x0000000080015be0       0x10 thirdparty/nugget/psyq/lib\libapi.a(a24.o)
                0x0000000080015be0                ResetEntryInt
 .text          0x0000000080015bf0       0x10 thirdparty/nugget/psyq/lib\libapi.a(a25.o)
                0x0000000080015bf0                HookEntryInt
 .text          0x0000000080015c00       0x10 thirdparty/nugget/psyq/lib\libapi.a(a36.o)
                0x0000000080015c00                EnterCriticalSection
 .text          0x0000000080015c10       0x10 thirdparty/nugget/psyq/lib\libapi.a(a37.o)
                0x0000000080015c10                ExitCriticalSection
 .text          0x0000000080015c20       0x10 thirdparty/nugget/psyq/lib\libapi.a(a91.o)
                0x0000000080015c20                ChangeClearPAD
 .text          0x0000000080015c30       0x20 thirdparty/nugget/psyq/lib\libapi.a(c114.o)
                0x0000000080015c38                _96_remove
 .text          0x0000000080015c50       0x10 thirdparty/nugget/psyq/lib\libapi.a(c68.o)
                0x0000000080015c50                FlushCache
 .text          0x0000000080015c60       0x10 thirdparty/nugget/psyq/lib\libapi.a(c73.o)
                0x0000000080015c60                GPU_cw
 .text          0x0000000080015c70       0x10 thirdparty/nugget/psyq/lib\libapi.a(l10.o)
                0x0000000080015c70                ChangeClearRCnt
 .text          0x0000000080015c80      0x290 thirdparty/nugget/psyq/lib\libapi.a(pad.o)
                0x0000000080015c80                SetInitPadFlag
                0x0000000080015c8c                ReadInitPadFlag
                0x0000000080015c9c                PAD_init
                0x0000000080015d2c                InitPAD
                0x0000000080015dbc                StartPAD
 .text          0x0000000080015f10       0xa0 thirdparty/nugget/psyq/lib\libapi.a(patch.o)
                0x0000000080015f10                EnablePAD
                0x0000000080015f24                DisablePAD
                0x0000000080015f38                _patch_pad
 .text          0x0000000080015fb0       0x10 thirdparty/nugget/psyq/lib\libapi.a(a18.o)
                0x0000000080015fb0                InitPAD2
 .text          0x0000000080015fc0       0x10 thirdparty/nugget/psyq/lib\libapi.a(a19.o)
                0x0000000080015fc0                StartPAD2
 .text          0x0000000080015fd0       0x10 thirdparty/nugget/psyq/lib\libapi.a(a21.o)
                0x0000000080015fd0                PAD_init2
 .text          0x0000000080015fe0       0x70 thirdparty/nugget/psyq/lib\libapi.a(chclrpad.o)
                0x0000000080015fe0                _remove_ChgclrPAD
 .text          0x0000000080016050       0x10 thirdparty/nugget/psyq/lib\libapi.a(l02.o)
                0x0000000080016050                SysEnqIntRP
 .text          0x0000000080016060       0x10 thirdparty/nugget/psyq/lib\libapi.a(l03.o)
                0x0000000080016060                SysDeqIntRP
 .text          0x0000000080016070       0x20 thirdparty/nugget/psyq/lib\libc.a(a63.o)
                0x0000000080016078                puts
 .text          0x0000000080016090       0x10 thirdparty/nugget/psyq/lib\libc.a(c19.o)
                0x0000000080016090                setjmp
 .text          0x00000000800160a0       0x10 thirdparty/nugget/psyq/lib\libc.a(c27.o)
                0x00000000800160a0                strlen
 .text          0x00000000800160b0       0x10 thirdparty/nugget/psyq/lib\libc.a(c42.o)
                0x00000000800160b0                memcpy
 .text          0x00000000800160c0       0x10 thirdparty/nugget/psyq/lib\libc.a(c43.o)
                0x00000000800160c0                memset
                0x00000000800160d0                . = ALIGN (0x10)
 *(.init)
                0x00000000800160d0                . = ALIGN (0x10)
 *(.fini)
                0x00000000800160d0                . = ALIGN (0x10)
                0x00000000800160d0                __text_end = .
                0x00000000800160d0                __ftext_end = ABSOLUTE (.)
                0x00000000800160d0                __fdata_start = ABSOLUTE (.)

.rodata         0x00000000800160d0      0x3c0
 *(.rodata .rodata.* .rdata .rdata.* .gnu.linkonce.r.*)
 .rodata.str1.4
                0x00000000800160d0        0xd source/ps1/main.o
 *fill*         0x00000000800160dd        0x3 
 .rodata        0x00000000800160e0       0x10 thirdparty/nugget/common/crt0/crt0.o
 .rdata         0x00000000800160f0       0x70 thirdparty/nugget/psyq/lib\libetc.a(intr.o)
 .rdata         0x0000000080016160       0x30 thirdparty/nugget/psyq/lib\libetc.a(intr_dma.o)
 .rdata         0x0000000080016190       0x10 thirdparty/nugget/psyq/lib\libetc.a(vsync.o)
 .rdata         0x00000000800161a0       0xa0 thirdparty/nugget/psyq/lib\libgpu.a(font.o)
 .rdata         0x0000000080016240      0x220 thirdparty/nugget/psyq/lib\libgpu.a(sys.o)
 .rdata         0x0000000080016460       0x30 thirdparty/nugget/psyq/lib\libgs.a(2d_com1.o)
                0x0000000080016490                . = ALIGN (0x10)
                0x0000000080016490                __preinit_array_start = .
 *(.preinit_array)
                0x0000000080016490                __preinit_array_end = .
                0x0000000080016490                . = ALIGN (0x10)
                0x0000000080016490                __init_array_start = .
 *(SORT_BY_NAME(.init_array.*))
 *(.init_array)
                0x0000000080016490                . = ALIGN (0x10)
 *crtbegin.o(.ctors)
 *(EXCLUDE_FILE(*crtend.o) .ctors)
 *(SORT_BY_NAME(.ctors.*))
 *crtend.o(.ctors)
                0x0000000080016490                __init_array_end = .
                0x0000000080016490                . = ALIGN (0x10)
                0x0000000080016490                __fini_array_start = .
 *(.fini_array)
 *(SORT_BY_NAME(.fini_array.*))
 *crtbegin.o(.dtors)
 *(EXCLUDE_FILE(*crtend.o) .dtors)
 *(SORT_BY_NAME(.dtors.*))
 *crtend.o(.dtors)
                0x0000000080016490                __fini_array_end = .
                0x0000000080016490                __build_id = .
 *(.note.gnu.build-id)
                0x0000000080016490                __build_id_end = .

.rel.dyn        0x0000000080016490        0x0
 .rel.dyn       0x0000000080016490        0x0 thirdparty/nugget/psyq/lib\libgpu.a(sys.o)

.rodata1
 *(.rodata1)
                0x0000000080016490                __data_start = .

.data           0x0000000080016490     0x2370
 *(.a0table)
 *(.data .data.* .gnu.linkonce.d.*)
 .data          0x0000000080016490     0x1100 thirdparty/nugget/psyq/lib\libetc.a(intr.o)
 .data          0x0000000080017590       0x30 thirdparty/nugget/psyq/lib\libetc.a(intr_dma.o)
 .data          0x00000000800175c0       0x30 thirdparty/nugget/psyq/lib\libetc.a(intr_vb.o)
                0x00000000800175e0                Vcount
 .data          0x00000000800175f0       0x10 thirdparty/nugget/psyq/lib\libetc.a(vmode.o)
 .data          0x0000000080017600       0x20 thirdparty/nugget/psyq/lib\libetc.a(vsync.o)
                0x0000000080017610                Hcount
 .data          0x0000000080017620      0xb90 thirdparty/nugget/psyq/lib\libgpu.a(font.o)
                0x0000000080017620                Font
 .data          0x00000000800181b0      0x1a0 thirdparty/nugget/psyq/lib\libgpu.a(sys.o)
                0x00000000800181fc                GPU_printf
                0x0000000080018200                GEnv
                0x0000000080018328                _qin
                0x000000008001832c                _qout
 .data          0x0000000080018350       0x10 thirdparty/nugget/psyq/lib\libgte.a(msc00.o)
 .data          0x0000000080018360       0x10 thirdparty/nugget/psyq/lib\libapi.a(pad.o)
 *(.data1)
 *(.sdata .sdata.* .gnu.linkonce.s.*)
 .sdata         0x0000000080018370        0x2 source/ps1/gui.o
                0x0000000080018370                priority
 *(.sdata2 .sdata2.* .gnu.linkonce.s2.*)
 *(.got.plt)
 *(.got)
                0x0000000080018800                . = ALIGN (0x800)
 *fill*         0x0000000080018372      0x48e 
                0x0000000080018800                __data_end = .
                0x0000000080018800                __fdata_end = .
                0x0000000080018800                __bss_start = .

.sbss           0x0000000080018800     0x8140
 *(.dynsbss)
 *(.sbss .sbss.* .gnu.linkonce.sb.*)
 .sbss          0x0000000080018800        0x1 source/ps1/main.o
                0x0000000080018800                program_paused
 *fill*         0x0000000080018801        0x1 
 .sbss          0x0000000080018802        0x8 source/ps1/graphics.o
                0x0000000080018802                display_height
                0x0000000080018804                display_width
                0x0000000080018806                frame_rate
                0x0000000080018807                frame_count
                0x0000000080018808                vsyncs_per_second
                0x0000000080018809                vsync_counter
 *fill*         0x000000008001880a        0x2 
 .sbss          0x000000008001880c        0x8 source/ps1/pads.o
                0x000000008001880c                old_pad_mask
                0x0000000080018810                pad_mask
 *(.scommon)
 *(.dynbss)
 *(.bss .bss.* .gnu.linkonce.b.*)
 .bss           0x0000000080018814     0x2280 source/ps1/graphics.o
                0x0000000080018814                packet_area
                0x0000000080018a6c                gsot_tag
                0x000000008001aa6c                gsot_header
 *fill*         0x000000008001aa94        0x4 
 .bss           0x000000008001aa98       0x14 thirdparty/nugget/psyq/lib\libetc.a(pad.o)
                0x000000008001aaa8                PadIdentifier
 *fill*         0x000000008001aaac        0x4 
 .bss           0x000000008001aab0     0x4410 thirdparty/nugget/psyq/lib\libgpu.a(font.o)
 .bss           0x000000008001eec0     0x1850 thirdparty/nugget/psyq/lib\libgpu.a(sys.o)
                0x000000008001ef10                _que
 .bss           0x0000000080020710       0x54 thirdparty/nugget/psyq/lib\libgs.a(global.o)
                0x0000000080020710                GsOUT_PACKET_P
                0x0000000080020718                GsMATE_C
                0x0000000080020720                GsLMODE
                0x0000000080020728                GsLIGNR
                0x0000000080020730                GsLIOFF
                0x0000000080020738                GsZOVER
                0x0000000080020740                GsBACKC
                0x0000000080020748                GsNDIV
                0x0000000080020750                GsTRATE
                0x0000000080020758                GsTON
                0x0000000080020760                GsDISPON
 *fill*         0x0000000080020764        0x4 
 .bss           0x0000000080020768       0xea thirdparty/nugget/psyq/lib\libgs.a(gs_001.o)
                0x0000000080020788                PSDIDX
                0x0000000080020790                GsDRAWENV
                0x00000000800207f0                GsDISPENV
                0x0000000080020808                PSDGPU
                0x0000000080020810                PSDBASEX
                0x0000000080020818                PSDBASEY
                0x0000000080020820                POSITION
                0x0000000080020828                CLIP2
                0x0000000080020830                PSDCNT
                0x0000000080020838                PSDOFSX
                0x0000000080020840                PSDOFSY
                0x0000000080020848                GsORGOFSX
                0x0000000080020850                GsORGOFSY
 *fill*         0x0000000080020852        0x6 
 .bss           0x0000000080020858       0x24 thirdparty/nugget/psyq/lib\libgs.a(gs_104.o)
                0x0000000080020858                HWD0
                0x0000000080020860                VWD0
                0x0000000080020868                GsCLIP3near
                0x0000000080020870                GsLIGHT_MODE
                0x0000000080020878                GsCLIP3far
 *fill*         0x000000008002087c        0x4 
 .bss           0x0000000080020880       0x40 thirdparty/nugget/psyq/lib\libgs.a(gs_107.o)
                0x0000000080020880                GsLIGHTWSMATRIX
                0x00000000800208a0                _LC
 .bss           0x00000000800208c0       0x40 thirdparty/nugget/psyq/lib\libgs.a(gs_128.o)
                0x00000000800208c0                GsIDMATRIX
                0x00000000800208e0                GsIDMATRIX2
 .bss           0x0000000080020900       0x10 thirdparty/nugget/psyq/lib\libgte.a(patchgte.o)
 .bss           0x0000000080020910       0x10 thirdparty/nugget/psyq/lib\libapi.a(pad.o)
                0x0000000080020910                _apiPadPatch
 .bss           0x0000000080020920       0x10 thirdparty/nugget/psyq/lib\libapi.a(patch.o)
 .bss           0x0000000080020930       0x10 thirdparty/nugget/psyq/lib\libapi.a(chclrpad.o)
 *(COMMON)
                0x0000000080020940                . = ALIGN (0x4)
                0x0000000080020940                __bss_end = .
                0x0000000080020940                __heap_start = __heap_base
                0x000000008000f800                . = (ADDR (.text) - 0x800)
                0x000000008000f800                __end = .

/DISCARD/
 *(.MIPS.abiflags)

/DISCARD/
 *(.rel.iplt)
 *(.rela.iplt)
 *(.rel.plt)
 *(.rela.plt)
 *(.plt)
 *(.iplt)

/DISCARD/
 *(.note.GNU-stack)
 *(.gnu_debuglink)
 *(.gnu.lto_*)
OUTPUT(main.elf elf32-littlemips)

.reginfo        0x0000000000000000       0x18
 .reginfo       0x0000000000000000       0x18 source/ps1/main.o

.mdebug.abi32   0x0000000000000000        0x0
 .mdebug.abi32  0x0000000000000000        0x0 source/ps1/main.o
 .mdebug.abi32  0x0000000000000000        0x0 source/ps1/graphics.o
 .mdebug.abi32  0x0000000000000000        0x0 source/ps1/gui.o
 .mdebug.abi32  0x0000000000000000        0x0 source/ps1/pads.o

.comment        0x0000000000000000       0x12
 .comment       0x0000000000000000       0x12 source/ps1/main.o
                                         0x13 (size before relaxing)
 .comment       0x0000000000000012       0x13 source/ps1/graphics.o
 .comment       0x0000000000000012       0x13 source/ps1/gui.o
 .comment       0x0000000000000012       0x13 source/ps1/pads.o

.gnu.attributes
                0x0000000000000000       0x10
 .gnu.attributes
                0x0000000000000000       0x10 source/ps1/main.o
 .gnu.attributes
                0x0000000000000010       0x10 source/ps1/graphics.o
 .gnu.attributes
                0x0000000000000020       0x10 source/ps1/gui.o
 .gnu.attributes
                0x0000000000000030       0x10 source/ps1/pads.o
 .gnu.attributes
                0x0000000000000040       0x10 thirdparty/nugget/common/crt0/crt0.o

.pdr            0x0000000000000000        0x0
 .pdr           0x0000000000000000        0x0 thirdparty/nugget/common/crt0/crt0.o

.note           0x0000000000000000     0x1de8
 .note          0x0000000000000000       0x74 thirdparty/nugget/psyq/lib\libc.a(c63.o)
 .note          0x0000000000000074       0x74 thirdparty/nugget/psyq/lib\libetc.a(intr.o)
 .note          0x00000000000000e8       0x74 thirdparty/nugget/psyq/lib\libetc.a(intr_dma.o)
 .note          0x000000000000015c       0x74 thirdparty/nugget/psyq/lib\libetc.a(intr_vb.o)
 .note          0x00000000000001d0       0x74 thirdparty/nugget/psyq/lib\libetc.a(pad.o)
 .note          0x0000000000000244       0x74 thirdparty/nugget/psyq/lib\libetc.a(vmode.o)
 .note          0x00000000000002b8       0x74 thirdparty/nugget/psyq/lib\libetc.a(vsync.o)
 .note          0x000000000000032c       0x74 thirdparty/nugget/psyq/lib\libgpu.a(font.o)
 .note          0x00000000000003a0       0x74 thirdparty/nugget/psyq/lib\libgpu.a(p00.o)
 .note          0x0000000000000414       0x74 thirdparty/nugget/psyq/lib\libgpu.a(p06.o)
 .note          0x0000000000000488       0x74 thirdparty/nugget/psyq/lib\libgpu.a(p09.o)
 .note          0x00000000000004fc       0x74 thirdparty/nugget/psyq/lib\libgpu.a(p10.o)
 .note          0x0000000000000570       0x74 thirdparty/nugget/psyq/lib\libgpu.a(p20.o)
 .note          0x00000000000005e4       0x74 thirdparty/nugget/psyq/lib\libgpu.a(p26.o)
 .note          0x0000000000000658       0x74 thirdparty/nugget/psyq/lib\libgpu.a(p41.o)
 .note          0x00000000000006cc       0x74 thirdparty/nugget/psyq/lib\libgpu.a(sys.o)
 .note          0x0000000000000740       0x74 thirdparty/nugget/psyq/lib\libgpu.a(e00.o)
 .note          0x00000000000007b4       0x74 thirdparty/nugget/psyq/lib\libgpu.a(e02.o)
 .note          0x0000000000000828       0x74 thirdparty/nugget/psyq/lib\libgpu.a(p01.o)
 .note          0x000000000000089c       0x74 thirdparty/nugget/psyq/lib\libgs.a(2d_box0.o)
 .note          0x0000000000000910       0x74 thirdparty/nugget/psyq/lib\libgs.a(2d_com1.o)
 .note          0x0000000000000984       0x74 thirdparty/nugget/psyq/lib\libgs.a(global.o)
 .note          0x00000000000009f8       0x74 thirdparty/nugget/psyq/lib\libgs.a(gs_001.o)
 .note          0x0000000000000a6c       0x74 thirdparty/nugget/psyq/lib\libgs.a(gs_0021.o)
 .note          0x0000000000000ae0       0x74 thirdparty/nugget/psyq/lib\libgs.a(gs_0022.o)
 .note          0x0000000000000b54       0x74 thirdparty/nugget/psyq/lib\libgs.a(gs_003.o)
 .note          0x0000000000000bc8       0x74 thirdparty/nugget/psyq/lib\libgs.a(gs_010.o)
 .note          0x0000000000000c3c       0x74 thirdparty/nugget/psyq/lib\libgs.a(gs_103.o)
 .note          0x0000000000000cb0       0x74 thirdparty/nugget/psyq/lib\libgs.a(gs_104.o)
 .note          0x0000000000000d24       0x74 thirdparty/nugget/psyq/lib\libgs.a(gs_107.o)
 .note          0x0000000000000d98       0x74 thirdparty/nugget/psyq/lib\libgs.a(gs_111.o)
 .note          0x0000000000000e0c       0x74 thirdparty/nugget/psyq/lib\libgs.a(gs_113.o)
 .note          0x0000000000000e80       0x74 thirdparty/nugget/psyq/lib\libgs.a(gs_121.o)
 .note          0x0000000000000ef4       0x74 thirdparty/nugget/psyq/lib\libgs.a(gs_124.o)
 .note          0x0000000000000f68       0x74 thirdparty/nugget/psyq/lib\libgs.a(gs_128.o)
 .note          0x0000000000000fdc       0x74 thirdparty/nugget/psyq/lib\libgte.a(msc00.o)
 .note          0x0000000000001050       0x74 thirdparty/nugget/psyq/lib\libgte.a(msc01.o)
 .note          0x00000000000010c4       0x74 thirdparty/nugget/psyq/lib\libgte.a(mtx_11.o)
 .note          0x0000000000001138       0x74 thirdparty/nugget/psyq/lib\libgte.a(patchgte.o)
 .note          0x00000000000011ac       0x74 thirdparty/nugget/psyq/lib\libgte.a(reg11.o)
 .note          0x0000000000001220       0x74 thirdparty/nugget/psyq/lib\libgte.a(reg12.o)
 .note          0x0000000000001294       0x74 thirdparty/nugget/psyq/lib\libgte.a(sqrtbl.o)
 .note          0x0000000000001308       0x74 thirdparty/nugget/psyq/lib\libapi.a(a22.o)
 .note          0x000000000000137c       0x74 thirdparty/nugget/psyq/lib\libapi.a(a23.o)
 .note          0x00000000000013f0       0x74 thirdparty/nugget/psyq/lib\libapi.a(a24.o)
 .note          0x0000000000001464       0x74 thirdparty/nugget/psyq/lib\libapi.a(a25.o)
 .note          0x00000000000014d8       0x74 thirdparty/nugget/psyq/lib\libapi.a(a36.o)
 .note          0x000000000000154c       0x74 thirdparty/nugget/psyq/lib\libapi.a(a37.o)
 .note          0x00000000000015c0       0x74 thirdparty/nugget/psyq/lib\libapi.a(a91.o)
 .note          0x0000000000001634       0x74 thirdparty/nugget/psyq/lib\libapi.a(c114.o)
 .note          0x00000000000016a8       0x74 thirdparty/nugget/psyq/lib\libapi.a(c68.o)
 .note          0x000000000000171c       0x74 thirdparty/nugget/psyq/lib\libapi.a(c73.o)
 .note          0x0000000000001790       0x74 thirdparty/nugget/psyq/lib\libapi.a(l10.o)
 .note          0x0000000000001804       0x74 thirdparty/nugget/psyq/lib\libapi.a(pad.o)
 .note          0x0000000000001878       0x74 thirdparty/nugget/psyq/lib\libapi.a(patch.o)
 .note          0x00000000000018ec       0x74 thirdparty/nugget/psyq/lib\libapi.a(a18.o)
 .note          0x0000000000001960       0x74 thirdparty/nugget/psyq/lib\libapi.a(a19.o)
 .note          0x00000000000019d4       0x74 thirdparty/nugget/psyq/lib\libapi.a(a21.o)
 .note          0x0000000000001a48       0x74 thirdparty/nugget/psyq/lib\libapi.a(chclrpad.o)
 .note          0x0000000000001abc       0x74 thirdparty/nugget/psyq/lib\libapi.a(l02.o)
 .note          0x0000000000001b30       0x74 thirdparty/nugget/psyq/lib\libapi.a(l03.o)
 .note          0x0000000000001ba4       0x74 thirdparty/nugget/psyq/lib\libc.a(a63.o)
 .note          0x0000000000001c18       0x74 thirdparty/nugget/psyq/lib\libc.a(c19.o)
 .note          0x0000000000001c8c       0x74 thirdparty/nugget/psyq/lib\libc.a(c27.o)
 .note          0x0000000000001d00       0x74 thirdparty/nugget/psyq/lib\libc.a(c42.o)
 .note          0x0000000000001d74       0x74 thirdparty/nugget/psyq/lib\libc.a(c43.o)

.debug_info     0x0000000000000000     0x1032
 .debug_info    0x0000000000000000      0x139 source/ps1/main.o
 .debug_info    0x0000000000000139      0x878 source/ps1/graphics.o
 .debug_info    0x00000000000009b1      0x51c source/ps1/gui.o
 .debug_info    0x0000000000000ecd      0x13f source/ps1/pads.o
 .debug_info    0x000000000000100c       0x26 thirdparty/nugget/common/crt0/crt0.o

.debug_abbrev   0x0000000000000000      0x59f
 .debug_abbrev  0x0000000000000000       0xb0 source/ps1/main.o
 .debug_abbrev  0x00000000000000b0      0x26c source/ps1/graphics.o
 .debug_abbrev  0x000000000000031c      0x1a7 source/ps1/gui.o
 .debug_abbrev  0x00000000000004c3       0xc8 source/ps1/pads.o
 .debug_abbrev  0x000000000000058b       0x14 thirdparty/nugget/common/crt0/crt0.o

.debug_aranges  0x0000000000000000       0xc8
 .debug_aranges
                0x0000000000000000       0x20 source/ps1/main.o
 .debug_aranges
                0x0000000000000020       0x38 source/ps1/graphics.o
 .debug_aranges
                0x0000000000000058       0x20 source/ps1/gui.o
 .debug_aranges
                0x0000000000000078       0x30 source/ps1/pads.o
 .debug_aranges
                0x00000000000000a8       0x20 thirdparty/nugget/common/crt0/crt0.o

.debug_ranges   0x0000000000000000       0xa0
 .debug_ranges  0x0000000000000000       0x10 source/ps1/main.o
 .debug_ranges  0x0000000000000010       0x60 source/ps1/graphics.o
 .debug_ranges  0x0000000000000070       0x10 source/ps1/gui.o
 .debug_ranges  0x0000000000000080       0x20 source/ps1/pads.o

.debug_line     0x0000000000000000      0x7f2
 .debug_line    0x0000000000000000       0xc0 source/ps1/main.o
 .debug_line    0x00000000000000c0      0x3dc source/ps1/graphics.o
 .debug_line    0x000000000000049c      0x1cd source/ps1/gui.o
 .debug_line    0x0000000000000669      0x123 source/ps1/pads.o
 .debug_line    0x000000000000078c       0x66 thirdparty/nugget/common/crt0/crt0.o

.debug_str      0x0000000000000000      0x4fc
 .debug_str     0x0000000000000000      0x1c7 source/ps1/main.o
                                        0x200 (size before relaxing)
 .debug_str     0x00000000000001c7      0x251 source/ps1/graphics.o
                                        0x3f3 (size before relaxing)
 .debug_str     0x0000000000000418       0x7b source/ps1/gui.o
                                        0x285 (size before relaxing)
 .debug_str     0x0000000000000493       0x36 source/ps1/pads.o
                                        0x1fa (size before relaxing)
 .debug_str     0x00000000000004c9       0x33 thirdparty/nugget/common/crt0/crt0.o
                                         0x4a (size before relaxing)

.debug_frame    0x0000000000000000      0x164
 .debug_frame   0x0000000000000000       0x2c source/ps1/main.o
 .debug_frame   0x000000000000002c       0xa0 source/ps1/graphics.o
 .debug_frame   0x00000000000000cc       0x3c source/ps1/gui.o
 .debug_frame   0x0000000000000108       0x5c source/ps1/pads.o

.debug_loc      0x0000000000000000      0x209
 .debug_loc     0x0000000000000000       0xd7 source/ps1/graphics.o
 .debug_loc     0x00000000000000d7      0x132 source/ps1/gui.o
